// Jest Snapshot v1, https://goo.gl/fbAQLP

exports[`DummyComponent renders a snapshot properly 1`] = `
<div
  className="container"
>
  <h1
    className="title is-1 has-text-centered"
  >
    Hello World!
  </h1>
</div>
`;
