// Jest Snapshot v1, https://goo.gl/fbAQLP

exports[`ExampleList renders a snapshot properly 1`] = `
<ul>
  <li>
    Example Item #1
  </li>
  <li>
    Example Item #2
  </li>
</ul>
`;
